// Jest Snapshot v1, https://goo.gl/fbAQLP

exports[`Event info component renders Event info component correctly 1`] = `
<DocumentFragment>
  <h2
    class="MuiBox-root css-xi606m"
  >
    Event
  </h2>
  <p>
    Title: New meeting
  </p>
  <p>
    Buyer: Alice
  </p>
  <p>
    Vendor: Loewe
  </p>
  <button
    class="MuiBox-root css-1q7njkh"
  >
    Delete Event
  </button>
</DocumentFragment>
`;
